Traceback (most recent call last):
  File "/home/aiinminutes/miniconda3/envs/book/lib/python3.11/site-packages/jupyter_cache/executors/utils.py", line 58, in single_nb_execution
    executenb(
  File "/home/aiinminutes/miniconda3/envs/book/lib/python3.11/site-packages/nbclient/client.py", line 1319, in execute
    return NotebookClient(nb=nb, resources=resources, km=km, **kwargs).execute()
           ^^^^^^^^^^^^^^^^^^^^^^^^^^^^^^^^^^^^^^^^^^^^^^^^^^^^^^^^^^^^^^^^^^^^^
  File "/home/aiinminutes/miniconda3/envs/book/lib/python3.11/site-packages/jupyter_core/utils/__init__.py", line 165, in wrapped
    return loop.run_until_complete(inner)
           ^^^^^^^^^^^^^^^^^^^^^^^^^^^^^^
  File "/home/aiinminutes/miniconda3/envs/book/lib/python3.11/asyncio/base_events.py", line 654, in run_until_complete
    return future.result()
           ^^^^^^^^^^^^^^^
  File "/home/aiinminutes/miniconda3/envs/book/lib/python3.11/site-packages/nbclient/client.py", line 709, in async_execute
    await self.async_execute_cell(
  File "/home/aiinminutes/miniconda3/envs/book/lib/python3.11/site-packages/nbclient/client.py", line 1062, in async_execute_cell
    await self._check_raise_for_error(cell, cell_index, exec_reply)
  File "/home/aiinminutes/miniconda3/envs/book/lib/python3.11/site-packages/nbclient/client.py", line 918, in _check_raise_for_error
    raise CellExecutionError.from_cell_and_msg(cell, exec_reply_content)
nbclient.exceptions.CellExecutionError: An error occurred while executing the following cell:
------------------
import numpy as np
import seaborn as sns
import matplotlib.pyplot as plt

# Given matrix A
A = np.array([
    [1, 2, 3],
    [5, 7, 10],
    [3, 2, 8],
    [10, 1, 6]
])

# Perform SVD decomposition
U, S, V = np.linalg.svd(A)

# Compute AtA and AAt
AtA = A.T @ A
AAt = A @ A.T

# Eigen decomposition of AtA and AAt
sigma_2_1, _ = np.linalg.eig(AtA)
sorted_indices_1 = np.argsort(sigma_2_1)[::-1]
sigma_2_1 = sigma_2_1[sorted_indices_1]

sigma_2_2, _ = np.linalg.eig(AAt)
sorted_indices_2 = np.argsort(sigma_2_2)[::-1]
sigma_2_2 = sigma_2_2[sorted_indices_2]
------------------


[31m---------------------------------------------------------------------------[39m
[31mModuleNotFoundError[39m                       Traceback (most recent call last)
[36mCell[39m[36m [39m[32mIn[1][39m[32m, line 1[39m
[32m----> [39m[32m1[39m [38;5;28;01mimport[39;00m[38;5;250m [39m[34;01mnumpy[39;00m[38;5;250m [39m[38;5;28;01mas[39;00m[38;5;250m [39m[34;01mnp[39;00m
[32m      2[39m [38;5;28;01mimport[39;00m[38;5;250m [39m[34;01mseaborn[39;00m[38;5;250m [39m[38;5;28;01mas[39;00m[38;5;250m [39m[34;01msns[39;00m
[32m      3[39m [38;5;28;01mimport[39;00m[38;5;250m [39m[34;01mmatplotlib[39;00m[34;01m.[39;00m[34;01mpyplot[39;00m[38;5;250m [39m[38;5;28;01mas[39;00m[38;5;250m [39m[34;01mplt[39;00m

[31mModuleNotFoundError[39m: No module named 'numpy'

